// Jest Snapshot v1, https://goo.gl/fbAQLP

exports[`Header comp  renders Header 1`] = `
<header>
  <nav>
    <Link
      to="/blue"
    >
      Blue
    </Link>
    <Link
      to="/green"
    >
      Green
    </Link>
    <Link
      to="/purple"
    >
      Purple
    </Link>
  </nav>
</header>
`;
